

================================================================
== Vitis HLS Report for 'fir'
================================================================
* Date:           Thu Oct  8 19:35:14 2026

* Version:        2024.2 (Build 5238294 on Nov  8 2024)
* Project:        fir.comp
* Solution:       hls (Vivado IP Flow Target)
* Product family: zynq
* Target device:  xc7z020-clg400-1


================================================================
== Performance Estimates
================================================================
+ Timing: 
    * Summary: 
    +--------+----------+----------+------------+
    |  Clock |  Target  | Estimated| Uncertainty|
    +--------+----------+----------+------------+
    |ap_clk  |  10.00 ns|  6.603 ns|     2.70 ns|
    +--------+----------+----------+------------+

+ Latency: 
    * Summary: 
    +---------+---------+----------+----------+-----+-----+---------+
    |  Latency (cycles) |  Latency (absolute) |  Interval | Pipeline|
    |   min   |   max   |    min   |    max   | min | max |   Type  |
    +---------+---------+----------+----------+-----+-----+---------+
    |       27|       27|  0.270 us|  0.270 us|   28|   28|       no|
    +---------+---------+----------+----------+-----+-----+---------+

    + Detail: 
        * Instance: 
        N/A

        * Loop: 
        N/A



================================================================
== Utilization Estimates
================================================================
* Summary: 
+-----------------+---------+-----+--------+-------+-----+
|       Name      | BRAM_18K| DSP |   FF   |  LUT  | URAM|
+-----------------+---------+-----+--------+-------+-----+
|DSP              |        -|    1|       -|      -|    -|
|Expression       |        -|    -|       0|   2070|    -|
|FIFO             |        -|    -|       -|      -|    -|
|Instance         |        -|    -|       -|      -|    -|
|Memory           |        -|    -|       -|      -|    -|
|Multiplexer      |        -|    -|       0|    130|    -|
|Register         |        -|    -|    3181|      -|    -|
+-----------------+---------+-----+--------+-------+-----+
|Total            |        0|    1|    3181|   2200|    0|
+-----------------+---------+-----+--------+-------+-----+
|Available        |      280|  220|  106400|  53200|    0|
+-----------------+---------+-----+--------+-------+-----+
|Utilization (%)  |        0|   ~0|       2|      4|    0|
+-----------------+---------+-----+--------+-------+-----+

+ Detail: 
    * Instance: 
    N/A

    * DSP: 
    +--------------------------------------------+-----------------------------------------+---------------------+
    |                  Instance                  |                  Module                 |      Expression     |
    +--------------------------------------------+-----------------------------------------+---------------------+
    |ama_addmuladd_16ns_16ns_4ns_16ns_16_4_1_U1  |ama_addmuladd_16ns_16ns_4ns_16ns_16_4_1  |  i0 + (i1 + i2) * i3|
    +--------------------------------------------+-----------------------------------------+---------------------+

    * Memory: 
    N/A

    * FIFO: 
    N/A

    * Expression: 
    +---------------------+----------+----+---+----+------------+------------+
    |    Variable Name    | Operation| DSP| FF| LUT| Bitwidth P0| Bitwidth P1|
    +---------------------+----------+----+---+----+------------+------------+
    |acc_fu_2324_p2       |         +|   0|  0|  16|          16|          16|
    |add_ln50_fu_2318_p2  |         +|   0|  0|  16|          16|          16|
    |grp_fu_2334_p0       |         +|   0|  0|  23|          16|          16|
    |tmp102_fu_947_p2     |         +|   0|  0|  16|          16|          16|
    |tmp10_fu_520_p2      |         +|   0|  0|  16|          16|          16|
    |tmp118_fu_1704_p2    |         +|   0|  0|  16|          16|          16|
    |tmp11_fu_514_p2      |         +|   0|  0|  16|          16|          16|
    |tmp12_fu_640_p2      |         +|   0|  0|  16|          16|          16|
    |tmp13_fu_636_p2      |         +|   0|  0|  16|          16|          16|
    |tmp143_fu_2302_p2    |         +|   0|  0|  23|          16|          16|
    |tmp14_fu_532_p2      |         +|   0|  0|  16|          16|          16|
    |tmp156_fu_957_p2     |         +|   0|  0|  23|          16|          16|
    |tmp15_fu_526_p2      |         +|   0|  0|  16|          16|          16|
    |tmp164_fu_1267_p2    |         +|   0|  0|  16|          16|          16|
    |tmp16_fu_544_p2      |         +|   0|  0|  16|          16|          16|
    |tmp172_fu_1713_p2    |         +|   0|  0|  16|          16|          16|
    |tmp17_fu_538_p2      |         +|   0|  0|  16|          16|          16|
    |tmp189_fu_1278_p2    |         +|   0|  0|  16|          16|          16|
    |tmp18_fu_561_p2      |         +|   0|  0|  16|          16|          16|
    |tmp193_fu_1724_p2    |         +|   0|  0|  16|          16|          16|
    |tmp196_fu_1960_p2    |         +|   0|  0|  16|          16|          16|
    |tmp19_fu_555_p2      |         +|   0|  0|  16|          16|          16|
    |tmp1_fu_645_p2       |         +|   0|  0|  16|          16|          16|
    |tmp207_fu_1289_p2    |         +|   0|  0|  13|          13|          13|
    |tmp20_fu_550_p2      |         +|   0|  0|  23|          16|          16|
    |tmp211_fu_1741_p2    |         +|   0|  0|  13|          13|          13|
    |tmp2141_fu_1975_p2   |         +|   0|  0|  13|          13|          13|
    |tmp21_fu_343_p2      |         +|   0|  0|  16|          16|          16|
    |tmp22_fu_337_p2      |         +|   0|  0|  16|          16|          16|
    |tmp23_fu_888_p2      |         +|   0|  0|  16|          16|          16|
    |tmp24_fu_877_p2      |         +|   0|  0|  16|          16|          16|
    |tmp25_fu_882_p2      |         +|   0|  0|  23|          16|          16|
    |tmp26_fu_899_p2      |         +|   0|  0|  16|          16|          16|
    |tmp27_fu_894_p2      |         +|   0|  0|  16|          16|          16|
    |tmp28_fu_822_p2      |         +|   0|  0|  16|          16|          16|
    |tmp29_fu_816_p2      |         +|   0|  0|  16|          16|          16|
    |tmp2_fu_615_p2       |         +|   0|  0|  16|          16|          16|
    |tmp30_fu_1699_p2     |         +|   0|  0|  16|          16|          16|
    |tmp31_fu_1541_p2     |         +|   0|  0|  16|          16|          16|
    |tmp32_fu_1694_p2     |         +|   0|  0|  23|          16|          16|
    |tmp33_fu_1552_p2     |         +|   0|  0|  16|          16|          16|
    |tmp34_fu_1547_p2     |         +|   0|  0|  16|          16|          16|
    |tmp35_fu_1374_p2     |         +|   0|  0|  16|          16|          16|
    |tmp36_fu_1368_p2     |         +|   0|  0|  16|          16|          16|
    |tmp37_fu_1262_p2     |         +|   0|  0|  16|          16|          16|
    |tmp38_fu_1139_p2     |         +|   0|  0|  16|          16|          16|
    |tmp39_fu_1133_p2     |         +|   0|  0|  16|          16|          16|
    |tmp3_fu_609_p2       |         +|   0|  0|  16|          16|          16|
    |tmp40_fu_1709_p2     |         +|   0|  0|  16|          16|          16|
    |tmp41_fu_1574_p2     |         +|   0|  0|  16|          16|          16|
    |tmp42_fu_1568_p2     |         +|   0|  0|  16|          16|          16|
    |tmp44_fu_1272_p2     |         +|   0|  0|  16|          16|          16|
    |tmp45_fu_1718_p2     |         +|   0|  0|  23|          16|          16|
    |tmp46_fu_1283_p2     |         +|   0|  0|  13|          13|          13|
    |tmp47_fu_1735_p2     |         +|   0|  0|  14|          13|          13|
    |tmp4_fu_604_p2       |         +|   0|  0|  23|          16|          16|
    |tmp5_fu_508_p2       |         +|   0|  0|  16|          16|          16|
    |tmp6_fu_502_p2       |         +|   0|  0|  16|          16|          16|
    |tmp7_fu_631_p2       |         +|   0|  0|  16|          16|          16|
    |tmp8_fu_625_p2       |         +|   0|  0|  16|          16|          16|
    |tmp9_fu_620_p2       |         +|   0|  0|  23|          16|          16|
    |tmp_fu_649_p2        |         +|   0|  0|  16|          16|          16|
    |grp_fu_2334_p1       |         -|   0|  0|  16|          16|          16|
    |tmp103_fu_951_p2     |         -|   0|  0|  16|          16|          16|
    |tmp104_fu_1111_p2    |         -|   0|  0|  16|          16|          16|
    |tmp105_fu_1116_p2    |         -|   0|  0|  16|          16|          16|
    |tmp106_fu_1251_p2    |         -|   0|  0|  16|          16|          16|
    |tmp107_fu_1256_p2    |         -|   0|  0|  16|          16|          16|
    |tmp108_fu_1357_p2    |         -|   0|  0|  16|          16|          16|
    |tmp109_fu_1362_p2    |         -|   0|  0|  16|          16|          16|
    |tmp110_fu_1536_p2    |         -|   0|  0|  16|          16|          16|
    |tmp119_fu_1792_p2    |         -|   0|  0|  16|          16|          16|
    |tmp120_fu_1797_p2    |         -|   0|  0|  16|          16|          16|
    |tmp121_fu_1927_p2    |         -|   0|  0|  16|          16|          16|
    |tmp122_fu_1932_p2    |         -|   0|  0|  16|          16|          16|
    |tmp123_fu_2001_p2    |         -|   0|  0|  16|          16|          16|
    |tmp124_fu_2006_p2    |         -|   0|  0|  16|          16|          16|
    |tmp125_fu_2032_p2    |         -|   0|  0|  16|          16|          16|
    |tmp126_fu_2037_p2    |         -|   0|  0|  16|          16|          16|
    |tmp127_fu_2070_p2    |         -|   0|  0|  16|          16|          16|
    |tmp128_fu_2075_p2    |         -|   0|  0|  16|          16|          16|
    |tmp129_fu_2101_p2    |         -|   0|  0|  16|          16|          16|
    |tmp130_fu_2106_p2    |         -|   0|  0|  16|          16|          16|
    |tmp131_fu_2132_p2    |         -|   0|  0|  16|          16|          16|
    |tmp132_fu_2137_p2    |         -|   0|  0|  16|          16|          16|
    |tmp133_fu_2163_p2    |         -|   0|  0|  16|          16|          16|
    |tmp134_fu_2168_p2    |         -|   0|  0|  16|          16|          16|
    |tmp135_fu_2194_p2    |         -|   0|  0|  16|          16|          16|
    |tmp136_fu_2199_p2    |         -|   0|  0|  16|          16|          16|
    |tmp137_fu_2225_p2    |         -|   0|  0|  16|          16|          16|
    |tmp138_fu_2230_p2    |         -|   0|  0|  16|          16|          16|
    |tmp139_fu_2256_p2    |         -|   0|  0|  16|          16|          16|
    |tmp140_fu_2261_p2    |         -|   0|  0|  16|          16|          16|
    |tmp141_fu_2282_p2    |         -|   0|  0|  16|          16|          16|
    |tmp142_fu_2287_p2    |         -|   0|  0|  16|          16|          16|
    |tmp157_fu_963_p2     |         -|   0|  0|  16|          16|          16|
    |tmp158_fu_969_p2     |         -|   0|  0|  16|          16|          16|
    |tmp159_fu_1122_p2    |         -|   0|  0|  16|          16|          16|
    |tmp160_fu_1127_p2    |         -|   0|  0|  16|          16|          16|
    |tmp165_fu_1380_p2    |         -|   0|  0|  16|          16|          16|
    |tmp166_fu_1385_p2    |         -|   0|  0|  16|          16|          16|
    |tmp167_fu_1557_p2    |         -|   0|  0|  16|          16|          16|
    |tmp168_fu_1562_p2    |         -|   0|  0|  16|          16|          16|
    |tmp173_fu_1803_p2    |         -|   0|  0|  16|          16|          16|
    |tmp174_fu_1808_p2    |         -|   0|  0|  16|          16|          16|
    |tmp175_fu_1938_p2    |         -|   0|  0|  16|          16|          16|
    |tmp186_fu_1144_p2    |         -|   0|  0|  16|          16|          16|
    |tmp187_fu_1150_p2    |         -|   0|  0|  16|          16|          16|
    |tmp190_fu_1580_p2    |         -|   0|  0|  16|          16|          16|
    |tmp191_fu_1585_p2    |         -|   0|  0|  16|          16|          16|
    |tmp194_fu_1729_p2    |         -|   0|  0|  16|          16|          16|
    |tmp195_fu_1955_p2    |         -|   0|  0|  16|          16|          16|
    |tmp197_fu_2313_p2    |         -|   0|  0|  23|          16|          16|
    |tmp204_fu_1156_p2    |         -|   0|  0|  13|          13|          13|
    |tmp205_fu_1162_p2    |         -|   0|  0|  13|          13|          13|
    |tmp208_fu_1591_p2    |         -|   0|  0|  13|          13|          13|
    |tmp209_fu_1596_p2    |         -|   0|  0|  13|          13|          13|
    |tmp212_fu_1746_p2    |         -|   0|  0|  13|          13|          13|
    |tmp213_fu_1966_p2    |         -|   0|  0|  13|          13|          13|
    |tmp87_fu_678_p2      |         -|   0|  0|  16|          16|          16|
    |tmp88_fu_683_p2      |         -|   0|  0|  16|          16|          16|
    |tmp89_fu_709_p2      |         -|   0|  0|  16|          16|          16|
    |tmp90_fu_714_p2      |         -|   0|  0|  16|          16|          16|
    |tmp91_fu_740_p2      |         -|   0|  0|  16|          16|          16|
    |tmp92_fu_745_p2      |         -|   0|  0|  16|          16|          16|
    |tmp93_fu_805_p2      |         -|   0|  0|  16|          16|          16|
    |tmp94_fu_810_p2      |         -|   0|  0|  16|          16|          16|
    +---------------------+----------+----+---+----+------------+------------+
    |Total                |          |   0|  0|2070|        1999|        1999|
    +---------------------+----------+----+---+----+------------+------------+

    * Multiplexer: 
    +-----------+-----+-----------+-----+-----------+
    |    Name   | LUT | Input Size| Bits| Total Bits|
    +-----------+-----+-----------+-----+-----------+
    |ap_NS_fsm  |  130|         29|    1|         29|
    +-----------+-----+-----------+-----+-----------+
    |Total      |  130|         29|    1|         29|
    +-----------+-----+-----------+-----+-----------+

    * Register: 
    +------------------------------------------+----+----+-----+-----------+
    |                   Name                   | FF | LUT| Bits| Const Bits|
    +------------------------------------------+----+----+-----+-----------+
    |add_ln50_1_reg_2676                       |  16|   0|   16|          0|
    |ap_CS_fsm                                 |  28|   0|   28|          0|
    |fir_int_int_shift_reg                     |  16|   0|   16|          0|
    |fir_int_int_shift_reg_1                   |  16|   0|   16|          0|
    |fir_int_int_shift_reg_13_reg_2438         |  16|   0|   16|          0|
    |fir_int_int_shift_reg_18_reg_2536         |  16|   0|   16|          0|
    |fir_int_int_shift_reg_19_reg_2475         |  16|   0|   16|          0|
    |fir_int_int_shift_reg_2                   |  16|   0|   16|          0|
    |fir_int_int_shift_reg_28_reg_2568         |  16|   0|   16|          0|
    |fir_int_int_shift_reg_3                   |  16|   0|   16|          0|
    |fir_int_int_shift_reg_30_reg_2541         |  16|   0|   16|          0|
    |fir_int_int_shift_reg_4                   |  16|   0|   16|          0|
    |fir_int_int_shift_reg_5                   |  16|   0|   16|          0|
    |fir_int_int_shift_reg_6                   |  16|   0|   16|          0|
    |fir_int_int_shift_reg_7                   |  16|   0|   16|          0|
    |fir_int_int_shift_reg_8                   |  16|   0|   16|          0|
    |fir_int_int_shift_reg_8_load_reg_2634     |  16|   0|   16|          0|
    |fir_int_int_shift_reg_9                   |  16|   0|   16|          0|
    |p_ZZ3firPiiE9shift_reg_10                 |  16|   0|   16|          0|
    |p_ZZ3firPiiE9shift_reg_100                |  16|   0|   16|          0|
    |p_ZZ3firPiiE9shift_reg_101                |  16|   0|   16|          0|
    |p_ZZ3firPiiE9shift_reg_102                |  16|   0|   16|          0|
    |p_ZZ3firPiiE9shift_reg_103                |  16|   0|   16|          0|
    |p_ZZ3firPiiE9shift_reg_104                |  16|   0|   16|          0|
    |p_ZZ3firPiiE9shift_reg_105                |  16|   0|   16|          0|
    |p_ZZ3firPiiE9shift_reg_106                |  16|   0|   16|          0|
    |p_ZZ3firPiiE9shift_reg_107                |  16|   0|   16|          0|
    |p_ZZ3firPiiE9shift_reg_107_load_reg_2344  |  16|   0|   16|          0|
    |p_ZZ3firPiiE9shift_reg_108                |  16|   0|   16|          0|
    |p_ZZ3firPiiE9shift_reg_109                |  16|   0|   16|          0|
    |p_ZZ3firPiiE9shift_reg_11                 |  16|   0|   16|          0|
    |p_ZZ3firPiiE9shift_reg_110                |  16|   0|   16|          0|
    |p_ZZ3firPiiE9shift_reg_111                |  16|   0|   16|          0|
    |p_ZZ3firPiiE9shift_reg_112                |  16|   0|   16|          0|
    |p_ZZ3firPiiE9shift_reg_113                |  16|   0|   16|          0|
    |p_ZZ3firPiiE9shift_reg_114                |  16|   0|   16|          0|
    |p_ZZ3firPiiE9shift_reg_115                |  16|   0|   16|          0|
    |p_ZZ3firPiiE9shift_reg_116                |  16|   0|   16|          0|
    |p_ZZ3firPiiE9shift_reg_117                |  16|   0|   16|          0|
    |p_ZZ3firPiiE9shift_reg_118                |  16|   0|   16|          0|
    |p_ZZ3firPiiE9shift_reg_119                |  16|   0|   16|          0|
    |p_ZZ3firPiiE9shift_reg_119_load_reg_2361  |  16|   0|   16|          0|
    |p_ZZ3firPiiE9shift_reg_12                 |  16|   0|   16|          0|
    |p_ZZ3firPiiE9shift_reg_120                |  16|   0|   16|          0|
    |p_ZZ3firPiiE9shift_reg_121                |  16|   0|   16|          0|
    |p_ZZ3firPiiE9shift_reg_122                |  16|   0|   16|          0|
    |p_ZZ3firPiiE9shift_reg_123                |  16|   0|   16|          0|
    |p_ZZ3firPiiE9shift_reg_124                |  16|   0|   16|          0|
    |p_ZZ3firPiiE9shift_reg_125                |  16|   0|   16|          0|
    |p_ZZ3firPiiE9shift_reg_125_load_reg_2355  |  16|   0|   16|          0|
    |p_ZZ3firPiiE9shift_reg_126                |  16|   0|   16|          0|
    |p_ZZ3firPiiE9shift_reg_13                 |  16|   0|   16|          0|
    |p_ZZ3firPiiE9shift_reg_14                 |  16|   0|   16|          0|
    |p_ZZ3firPiiE9shift_reg_15                 |  16|   0|   16|          0|
    |p_ZZ3firPiiE9shift_reg_16                 |  16|   0|   16|          0|
    |p_ZZ3firPiiE9shift_reg_17                 |  16|   0|   16|          0|
    |p_ZZ3firPiiE9shift_reg_18                 |  16|   0|   16|          0|
    |p_ZZ3firPiiE9shift_reg_19                 |  16|   0|   16|          0|
    |p_ZZ3firPiiE9shift_reg_20                 |  16|   0|   16|          0|
    |p_ZZ3firPiiE9shift_reg_21                 |  16|   0|   16|          0|
    |p_ZZ3firPiiE9shift_reg_22                 |  16|   0|   16|          0|
    |p_ZZ3firPiiE9shift_reg_23                 |  16|   0|   16|          0|
    |p_ZZ3firPiiE9shift_reg_24                 |  16|   0|   16|          0|
    |p_ZZ3firPiiE9shift_reg_25                 |  16|   0|   16|          0|
    |p_ZZ3firPiiE9shift_reg_26                 |  16|   0|   16|          0|
    |p_ZZ3firPiiE9shift_reg_27                 |  16|   0|   16|          0|
    |p_ZZ3firPiiE9shift_reg_28                 |  16|   0|   16|          0|
    |p_ZZ3firPiiE9shift_reg_29                 |  16|   0|   16|          0|
    |p_ZZ3firPiiE9shift_reg_30                 |  16|   0|   16|          0|
    |p_ZZ3firPiiE9shift_reg_31                 |  16|   0|   16|          0|
    |p_ZZ3firPiiE9shift_reg_32                 |  16|   0|   16|          0|
    |p_ZZ3firPiiE9shift_reg_33                 |  16|   0|   16|          0|
    |p_ZZ3firPiiE9shift_reg_34                 |  16|   0|   16|          0|
    |p_ZZ3firPiiE9shift_reg_35                 |  16|   0|   16|          0|
    |p_ZZ3firPiiE9shift_reg_36                 |  16|   0|   16|          0|
    |p_ZZ3firPiiE9shift_reg_37                 |  16|   0|   16|          0|
    |p_ZZ3firPiiE9shift_reg_38                 |  16|   0|   16|          0|
    |p_ZZ3firPiiE9shift_reg_39                 |  16|   0|   16|          0|
    |p_ZZ3firPiiE9shift_reg_40                 |  16|   0|   16|          0|
    |p_ZZ3firPiiE9shift_reg_41                 |  16|   0|   16|          0|
    |p_ZZ3firPiiE9shift_reg_42                 |  16|   0|   16|          0|
    |p_ZZ3firPiiE9shift_reg_43                 |  16|   0|   16|          0|
    |p_ZZ3firPiiE9shift_reg_44                 |  16|   0|   16|          0|
    |p_ZZ3firPiiE9shift_reg_45                 |  16|   0|   16|          0|
    |p_ZZ3firPiiE9shift_reg_46                 |  16|   0|   16|          0|
    |p_ZZ3firPiiE9shift_reg_47                 |  16|   0|   16|          0|
    |p_ZZ3firPiiE9shift_reg_48                 |  16|   0|   16|          0|
    |p_ZZ3firPiiE9shift_reg_49                 |  16|   0|   16|          0|
    |p_ZZ3firPiiE9shift_reg_49_load_reg_2562   |  16|   0|   16|          0|
    |p_ZZ3firPiiE9shift_reg_50                 |  16|   0|   16|          0|
    |p_ZZ3firPiiE9shift_reg_51                 |  16|   0|   16|          0|
    |p_ZZ3firPiiE9shift_reg_52                 |  16|   0|   16|          0|
    |p_ZZ3firPiiE9shift_reg_53                 |  16|   0|   16|          0|
    |p_ZZ3firPiiE9shift_reg_54                 |  16|   0|   16|          0|
    |p_ZZ3firPiiE9shift_reg_55                 |  16|   0|   16|          0|
    |p_ZZ3firPiiE9shift_reg_56                 |  16|   0|   16|          0|
    |p_ZZ3firPiiE9shift_reg_57                 |  16|   0|   16|          0|
    |p_ZZ3firPiiE9shift_reg_58                 |  16|   0|   16|          0|
    |p_ZZ3firPiiE9shift_reg_59                 |  16|   0|   16|          0|
    |p_ZZ3firPiiE9shift_reg_60                 |  16|   0|   16|          0|
    |p_ZZ3firPiiE9shift_reg_61                 |  16|   0|   16|          0|
    |p_ZZ3firPiiE9shift_reg_62                 |  16|   0|   16|          0|
    |p_ZZ3firPiiE9shift_reg_63                 |  16|   0|   16|          0|
    |p_ZZ3firPiiE9shift_reg_64                 |  16|   0|   16|          0|
    |p_ZZ3firPiiE9shift_reg_65                 |  16|   0|   16|          0|
    |p_ZZ3firPiiE9shift_reg_66                 |  16|   0|   16|          0|
    |p_ZZ3firPiiE9shift_reg_67                 |  16|   0|   16|          0|
    |p_ZZ3firPiiE9shift_reg_68                 |  16|   0|   16|          0|
    |p_ZZ3firPiiE9shift_reg_69                 |  16|   0|   16|          0|
    |p_ZZ3firPiiE9shift_reg_70                 |  16|   0|   16|          0|
    |p_ZZ3firPiiE9shift_reg_71                 |  16|   0|   16|          0|
    |p_ZZ3firPiiE9shift_reg_72                 |  16|   0|   16|          0|
    |p_ZZ3firPiiE9shift_reg_73                 |  16|   0|   16|          0|
    |p_ZZ3firPiiE9shift_reg_74                 |  16|   0|   16|          0|
    |p_ZZ3firPiiE9shift_reg_75                 |  16|   0|   16|          0|
    |p_ZZ3firPiiE9shift_reg_76                 |  16|   0|   16|          0|
    |p_ZZ3firPiiE9shift_reg_77                 |  16|   0|   16|          0|
    |p_ZZ3firPiiE9shift_reg_78                 |  16|   0|   16|          0|
    |p_ZZ3firPiiE9shift_reg_79                 |  16|   0|   16|          0|
    |p_ZZ3firPiiE9shift_reg_80                 |  16|   0|   16|          0|
    |p_ZZ3firPiiE9shift_reg_80_load_reg_2454   |  16|   0|   16|          0|
    |p_ZZ3firPiiE9shift_reg_81                 |  16|   0|   16|          0|
    |p_ZZ3firPiiE9shift_reg_82                 |  16|   0|   16|          0|
    |p_ZZ3firPiiE9shift_reg_83                 |  16|   0|   16|          0|
    |p_ZZ3firPiiE9shift_reg_84                 |  16|   0|   16|          0|
    |p_ZZ3firPiiE9shift_reg_85                 |  16|   0|   16|          0|
    |p_ZZ3firPiiE9shift_reg_86                 |  16|   0|   16|          0|
    |p_ZZ3firPiiE9shift_reg_87                 |  16|   0|   16|          0|
    |p_ZZ3firPiiE9shift_reg_88                 |  16|   0|   16|          0|
    |p_ZZ3firPiiE9shift_reg_89                 |  16|   0|   16|          0|
    |p_ZZ3firPiiE9shift_reg_90                 |  16|   0|   16|          0|
    |p_ZZ3firPiiE9shift_reg_91                 |  16|   0|   16|          0|
    |p_ZZ3firPiiE9shift_reg_92                 |  16|   0|   16|          0|
    |p_ZZ3firPiiE9shift_reg_93                 |  16|   0|   16|          0|
    |p_ZZ3firPiiE9shift_reg_94                 |  16|   0|   16|          0|
    |p_ZZ3firPiiE9shift_reg_95                 |  16|   0|   16|          0|
    |p_ZZ3firPiiE9shift_reg_96                 |  16|   0|   16|          0|
    |p_ZZ3firPiiE9shift_reg_96_load_reg_2417   |  16|   0|   16|          0|
    |p_ZZ3firPiiE9shift_reg_97                 |  16|   0|   16|          0|
    |p_ZZ3firPiiE9shift_reg_97_load_reg_2470   |  16|   0|   16|          0|
    |p_ZZ3firPiiE9shift_reg_98                 |  16|   0|   16|          0|
    |p_ZZ3firPiiE9shift_reg_99                 |  16|   0|   16|          0|
    |tmp103_reg_2481                           |  16|   0|   16|          0|
    |tmp105_reg_2491                           |  16|   0|   16|          0|
    |tmp107_reg_2516                           |  16|   0|   16|          0|
    |tmp109_reg_2547                           |  16|   0|   16|          0|
    |tmp10_reg_2372                            |  16|   0|   16|          0|
    |tmp118_reg_2604                           |  16|   0|   16|          0|
    |tmp120_reg_2624                           |  16|   0|   16|          0|
    |tmp122_reg_2640                           |  16|   0|   16|          0|
    |tmp124_reg_2656                           |  16|   0|   16|          0|
    |tmp126_reg_2661                           |  16|   0|   16|          0|
    |tmp128_reg_2671                           |  16|   0|   16|          0|
    |tmp12_reg_2407                            |  16|   0|   16|          0|
    |tmp130_reg_2681                           |  16|   0|   16|          0|
    |tmp132_reg_2686                           |  16|   0|   16|          0|
    |tmp134_reg_2691                           |  16|   0|   16|          0|
    |tmp136_reg_2696                           |  16|   0|   16|          0|
    |tmp138_reg_2701                           |  16|   0|   16|          0|
    |tmp140_reg_2706                           |  16|   0|   16|          0|
    |tmp142_reg_2711                           |  16|   0|   16|          0|
    |tmp14_reg_2377                            |  16|   0|   16|          0|
    |tmp158_reg_2486                           |  16|   0|   16|          0|
    |tmp160_reg_2496                           |  16|   0|   16|          0|
    |tmp164_reg_2521                           |  16|   0|   16|          0|
    |tmp166_reg_2557                           |  16|   0|   16|          0|
    |tmp168_reg_2584                           |  16|   0|   16|          0|
    |tmp16_reg_2382                            |  16|   0|   16|          0|
    |tmp172_reg_2609                           |  16|   0|   16|          0|
    |tmp174_reg_2629                           |  16|   0|   16|          0|
    |tmp187_reg_2506                           |  16|   0|   16|          0|
    |tmp189_reg_2526                           |  16|   0|   16|          0|
    |tmp18_reg_2387                            |  16|   0|   16|          0|
    |tmp191_reg_2594                           |  16|   0|   16|          0|
    |tmp194_reg_2614                           |  16|   0|   16|          0|
    |tmp196_reg_2645                           |  16|   0|   16|          0|
    |tmp205_reg_2511                           |  13|   0|   13|          0|
    |tmp207_reg_2531                           |  13|   0|   13|          0|
    |tmp209_reg_2599                           |  13|   0|   13|          0|
    |tmp212_reg_2619                           |  13|   0|   13|          0|
    |tmp2141_reg_2651                          |  13|   0|   13|          0|
    |tmp21_reg_2350                            |  16|   0|   16|          0|
    |tmp23_reg_2460                            |  16|   0|   16|          0|
    |tmp26_reg_2465                            |  16|   0|   16|          0|
    |tmp28_reg_2449                            |  16|   0|   16|          0|
    |tmp2_reg_2397                             |  16|   0|   16|          0|
    |tmp31_reg_2574                            |  16|   0|   16|          0|
    |tmp33_reg_2579                            |  16|   0|   16|          0|
    |tmp35_reg_2552                            |  16|   0|   16|          0|
    |tmp38_reg_2501                            |  16|   0|   16|          0|
    |tmp41_reg_2589                            |  16|   0|   16|          0|
    |tmp5_reg_2367                             |  16|   0|   16|          0|
    |tmp7_reg_2402                             |  16|   0|   16|          0|
    |tmp88_reg_2423                            |  16|   0|   16|          0|
    |tmp90_reg_2428                            |  16|   0|   16|          0|
    |tmp92_reg_2433                            |  16|   0|   16|          0|
    |tmp94_reg_2444                            |  16|   0|   16|          0|
    |tmp_reg_2412                              |  16|   0|   16|          0|
    |trunc_ln14_reg_2392                       |  16|   0|   16|          0|
    +------------------------------------------+----+----+-----+-----------+
    |Total                                     |3181|   0| 3181|          0|
    +------------------------------------------+----+----+-----+-----------+



================================================================
== Interface
================================================================
* Summary: 
+----------+-----+-----+------------+--------------+--------------+
| RTL Ports| Dir | Bits|  Protocol  | Source Object|    C Type    |
+----------+-----+-----+------------+--------------+--------------+
|ap_clk    |   in|    1|  ap_ctrl_hs|           fir|  return value|
|ap_rst    |   in|    1|  ap_ctrl_hs|           fir|  return value|
|ap_start  |   in|    1|  ap_ctrl_hs|           fir|  return value|
|ap_done   |  out|    1|  ap_ctrl_hs|           fir|  return value|
|ap_idle   |  out|    1|  ap_ctrl_hs|           fir|  return value|
|ap_ready  |  out|    1|  ap_ctrl_hs|           fir|  return value|
|y         |  out|   32|      ap_vld|             y|       pointer|
|y_ap_vld  |  out|    1|      ap_vld|             y|       pointer|
|x         |   in|   32|     ap_none|             x|        scalar|
+----------+-----+-----+------------+--------------+--------------+

